0	dist/icons/add-outline.svg
1	dist/icons/add-outline.svg
2	dist/icons/add-solid.svg
3	dist/icons/add-solid.svg
4	dist/icons/adjust.svg
5	dist/icons/adjust.svg
6	dist/icons/airplane.svg
7	dist/icons/airplane.svg
8	dist/icons/album.svg
9	dist/icons/album.svg
10	dist/icons/align-center.svg
11	dist/icons/align-center.svg
12	dist/icons/align-justified.svg
13	dist/icons/align-justified.svg
14	dist/icons/align-left.svg
15	dist/icons/align-left.svg
16	dist/icons/align-right.svg
17	dist/icons/align-right.svg
18	dist/icons/anchor.svg
19	dist/icons/anchor.svg
20	dist/icons/announcement.svg
21	dist/icons/announcement.svg
22	dist/icons/apparel.svg
23	dist/icons/apparel.svg
24	dist/icons/arrow-down.svg
25	dist/icons/arrow-down.svg
26	dist/icons/arrow-left.svg
27	dist/icons/arrow-left.svg
28	dist/icons/arrow-outline-down.svg
29	dist/icons/arrow-outline-down.svg
30	dist/icons/arrow-outline-left.svg
31	dist/icons/arrow-outline-left.svg
32	dist/icons/arrow-outline-right.svg
33	dist/icons/arrow-outline-right.svg
34	dist/icons/arrow-outline-up.svg
35	dist/icons/arrow-outline-up.svg
36	dist/icons/arrow-right.svg
37	dist/icons/arrow-right.svg
38	dist/icons/arrow-thick-down.svg
39	dist/icons/arrow-thick-down.svg
40	dist/icons/arrow-thick-left.svg
41	dist/icons/arrow-thick-left.svg
42	dist/icons/arrow-thick-right.svg
43	dist/icons/arrow-thick-right.svg
44	dist/icons/arrow-thick-up.svg
45	dist/icons/arrow-thick-up.svg
46	dist/icons/arrow-thin-down.svg
47	dist/icons/arrow-thin-down.svg
48	dist/icons/arrow-thin-left.svg
49	dist/icons/arrow-thin-left.svg
50	dist/icons/arrow-thin-right.svg
51	dist/icons/arrow-thin-right.svg
52	dist/icons/arrow-thin-up.svg
53	dist/icons/arrow-thin-up.svg
54	dist/icons/arrow-up.svg
55	dist/icons/arrow-up.svg
56	dist/icons/artist.svg
57	dist/icons/artist.svg
58	dist/icons/at-symbol.svg
59	dist/icons/at-symbol.svg
60	dist/icons/attachment.svg
61	dist/icons/attachment.svg
62	dist/icons/backspace.svg
63	dist/icons/backspace.svg
64	dist/icons/backward-step.svg
65	dist/icons/backward-step.svg
66	dist/icons/backward.svg
67	dist/icons/backward.svg
68	dist/icons/badge.svg
69	dist/icons/badge.svg
70	dist/icons/battery-full.svg
71	dist/icons/battery-full.svg
72	dist/icons/battery-half.svg
73	dist/icons/battery-half.svg
74	dist/icons/battery-low.svg
75	dist/icons/battery-low.svg
76	dist/icons/beverage.svg
77	dist/icons/beverage.svg
78	dist/icons/block.svg
79	dist/icons/block.svg
80	dist/icons/bluetooth.svg
81	dist/icons/bluetooth.svg
82	dist/icons/bolt.svg
83	dist/icons/bolt.svg
84	dist/icons/book-reference.svg
85	dist/icons/book-reference.svg
86	dist/icons/bookmark copy 2.svg
87	dist/icons/bookmark copy 2.svg
88	dist/icons/bookmark copy 3.svg
89	dist/icons/bookmark copy 3.svg
90	dist/icons/bookmark-outline-add.svg
91	dist/icons/bookmark-outline-add.svg
92	dist/icons/bookmark-outline.svg
93	dist/icons/bookmark-outline.svg
94	dist/icons/bookmark.svg
95	dist/icons/bookmark.svg
96	dist/icons/border-all.svg
97	dist/icons/border-all.svg
98	dist/icons/border-bottom.svg
99	dist/icons/border-bottom.svg
100	dist/icons/border-horizontal.svg
101	dist/icons/border-horizontal.svg
102	dist/icons/border-inner.svg
103	dist/icons/border-inner.svg
104	dist/icons/border-left.svg
105	dist/icons/border-left.svg
106	dist/icons/border-none.svg
107	dist/icons/border-none.svg
108	dist/icons/border-outer.svg
109	dist/icons/border-outer.svg
110	dist/icons/border-right.svg
111	dist/icons/border-right.svg
112	dist/icons/border-top.svg
113	dist/icons/border-top.svg
114	dist/icons/border-vertical.svg
115	dist/icons/border-vertical.svg
116	dist/icons/box.svg
117	dist/icons/box.svg
118	dist/icons/brightness-down.svg
119	dist/icons/brightness-down.svg
120	dist/icons/brightness-up.svg
121	dist/icons/brightness-up.svg
122	dist/icons/browser-window-new.svg
123	dist/icons/browser-window-new.svg
124	dist/icons/browser-window-open.svg
125	dist/icons/browser-window-open.svg
126	dist/icons/browser-window.svg
127	dist/icons/browser-window.svg
128	dist/icons/bug.svg
129	dist/icons/bug.svg
130	dist/icons/buoy.svg
131	dist/icons/buoy.svg
132	dist/icons/calculator.svg
133	dist/icons/calculator.svg
134	dist/icons/calendar.svg
135	dist/icons/calendar.svg
136	dist/icons/camera.svg
137	dist/icons/camera.svg
138	dist/icons/chart-bar.svg
139	dist/icons/chart-bar.svg
140	dist/icons/chart-pie.svg
141	dist/icons/chart-pie.svg
142	dist/icons/chart.svg
143	dist/icons/chart.svg
144	dist/icons/chat-bubble-dots.svg
145	dist/icons/chat-bubble-dots.svg
146	dist/icons/checkmark-outline.svg
147	dist/icons/checkmark-outline.svg
148	dist/icons/checkmark.svg
149	dist/icons/checkmark.svg
150	dist/icons/cheveron-down.svg
151	dist/icons/cheveron-down.svg
152	dist/icons/cheveron-left.svg
153	dist/icons/cheveron-left.svg
154	dist/icons/cheveron-outline-down.svg
155	dist/icons/cheveron-outline-down.svg
156	dist/icons/cheveron-outline-left.svg
157	dist/icons/cheveron-outline-left.svg
158	dist/icons/cheveron-outline-right.svg
159	dist/icons/cheveron-outline-right.svg
160	dist/icons/cheveron-outline-up.svg
161	dist/icons/cheveron-outline-up.svg
162	dist/icons/cheveron-right.svg
163	dist/icons/cheveron-right.svg
164	dist/icons/cheveron-up.svg
165	dist/icons/cheveron-up.svg
166	dist/icons/clipboard.svg
167	dist/icons/clipboard.svg
168	dist/icons/close-outline.svg
169	dist/icons/close-outline.svg
170	dist/icons/close-solid.svg
171	dist/icons/close-solid.svg
172	dist/icons/close.svg
173	dist/icons/close.svg
174	dist/icons/cloud-upload.svg
175	dist/icons/cloud-upload.svg
176	dist/icons/cloud.svg
177	dist/icons/cloud.svg
178	dist/icons/code.svg
179	dist/icons/code.svg
180	dist/icons/coffee.svg
181	dist/icons/coffee.svg
182	dist/icons/cog.svg
183	dist/icons/cog.svg
184	dist/icons/color-palette.svg
185	dist/icons/color-palette.svg
186	dist/icons/compose.svg
187	dist/icons/compose.svg
188	dist/icons/computer-desktop.svg
189	dist/icons/computer-desktop.svg
190	dist/icons/computer-laptop.svg
191	dist/icons/computer-laptop.svg
192	dist/icons/conversation.svg
193	dist/icons/conversation.svg
194	dist/icons/copy.svg
195	dist/icons/copy.svg
196	dist/icons/credit-card.svg
197	dist/icons/credit-card.svg
198	dist/icons/currency-dollar.svg
199	dist/icons/currency-dollar.svg
200	dist/icons/dashboard.svg
201	dist/icons/dashboard.svg
202	dist/icons/date-add.svg
203	dist/icons/date-add.svg
204	dist/icons/dial-pad.svg
205	dist/icons/dial-pad.svg
206	dist/icons/directions.svg
207	dist/icons/directions.svg
208	dist/icons/document-add.svg
209	dist/icons/document-add.svg
210	dist/icons/document.svg
211	dist/icons/document.svg
212	dist/icons/dots-horizontal-double.svg
213	dist/icons/dots-horizontal-double.svg
214	dist/icons/dots-horizontal-triple.svg
215	dist/icons/dots-horizontal-triple.svg
216	dist/icons/download.svg
217	dist/icons/download.svg
218	dist/icons/duplicate.svg
219	dist/icons/duplicate.svg
220	dist/icons/edit-copy.svg
221	dist/icons/edit-copy.svg
222	dist/icons/edit-crop.svg
223	dist/icons/edit-crop.svg
224	dist/icons/edit-cut.svg
225	dist/icons/edit-cut.svg
226	dist/icons/edit-pencil.svg
227	dist/icons/edit-pencil.svg
228	dist/icons/education.svg
229	dist/icons/education.svg
230	dist/icons/envelope.svg
231	dist/icons/envelope.svg
232	dist/icons/exclamation-outline.svg
233	dist/icons/exclamation-outline.svg
234	dist/icons/exclamation-solid.svg
235	dist/icons/exclamation-solid.svg
236	dist/icons/explore.svg
237	dist/icons/explore.svg
238	dist/icons/factory.svg
239	dist/icons/factory.svg
240	dist/icons/fast-forward.svg
241	dist/icons/fast-forward.svg
242	dist/icons/fast-rewind.svg
243	dist/icons/fast-rewind.svg
244	dist/icons/film.svg
245	dist/icons/film.svg
246	dist/icons/filter.svg
247	dist/icons/filter.svg
248	dist/icons/flag.svg
249	dist/icons/flag.svg
250	dist/icons/flashlight.svg
251	dist/icons/flashlight.svg
252	dist/icons/folder-outline-add.svg
253	dist/icons/folder-outline-add.svg
254	dist/icons/folder-outline.svg
255	dist/icons/folder-outline.svg
256	dist/icons/folder.svg
257	dist/icons/folder.svg
258	dist/icons/format-bold.svg
259	dist/icons/format-bold.svg
260	dist/icons/format-font-size.svg
261	dist/icons/format-font-size.svg
262	dist/icons/format-italic.svg
263	dist/icons/format-italic.svg
264	dist/icons/format-text-size.svg
265	dist/icons/format-text-size.svg
266	dist/icons/format-underline.svg
267	dist/icons/format-underline.svg
268	dist/icons/forward-step.svg
269	dist/icons/forward-step.svg
270	dist/icons/forward.svg
271	dist/icons/forward.svg
272	dist/icons/gift.svg
273	dist/icons/gift.svg
274	dist/icons/globe.svg
275	dist/icons/globe.svg
276	dist/icons/hand-stop.svg
277	dist/icons/hand-stop.svg
278	dist/icons/hard-drive.svg
279	dist/icons/hard-drive.svg
280	dist/icons/headphones.svg
281	dist/icons/headphones.svg
282	dist/icons/heart.svg
283	dist/icons/heart.svg
284	dist/icons/home.svg
285	dist/icons/home.svg
286	dist/icons/hot.svg
287	dist/icons/hot.svg
288	dist/icons/hour-glass.svg
289	dist/icons/hour-glass.svg
290	dist/icons/inbox-check.svg
291	dist/icons/inbox-check.svg
292	dist/icons/inbox-download.svg
293	dist/icons/inbox-download.svg
294	dist/icons/inbox-full.svg
295	dist/icons/inbox-full.svg
296	dist/icons/inbox.svg
297	dist/icons/inbox.svg
298	dist/icons/indent-decrease.svg
299	dist/icons/indent-decrease.svg
300	dist/icons/indent-increase.svg
301	dist/icons/indent-increase.svg
302	dist/icons/information-outline.svg
303	dist/icons/information-outline.svg
304	dist/icons/information-solid.svg
305	dist/icons/information-solid.svg
306	dist/icons/key.svg
307	dist/icons/key.svg
308	dist/icons/keyboard.svg
309	dist/icons/keyboard.svg
310	dist/icons/layers.svg
311	dist/icons/layers.svg
312	dist/icons/library.svg
313	dist/icons/library.svg
314	dist/icons/light-bulb.svg
315	dist/icons/light-bulb.svg
316	dist/icons/link.svg
317	dist/icons/link.svg
318	dist/icons/list-add.svg
319	dist/icons/list-add.svg
320	dist/icons/list-bullet.svg
321	dist/icons/list-bullet.svg
322	dist/icons/list.svg
323	dist/icons/list.svg
324	dist/icons/load-balancer.svg
325	dist/icons/load-balancer.svg
326	dist/icons/location-current.svg
327	dist/icons/location-current.svg
328	dist/icons/location-food.svg
329	dist/icons/location-food.svg
330	dist/icons/location-gas-station.svg
331	dist/icons/location-gas-station.svg
332	dist/icons/location-hotel.svg
333	dist/icons/location-hotel.svg
334	dist/icons/location-marina.svg
335	dist/icons/location-marina.svg
336	dist/icons/location-park.svg
337	dist/icons/location-park.svg
338	dist/icons/location-restroom.svg
339	dist/icons/location-restroom.svg
340	dist/icons/location-shopping.svg
341	dist/icons/location-shopping.svg
342	dist/icons/location.svg
343	dist/icons/location.svg
344	dist/icons/lock-closed.svg
345	dist/icons/lock-closed.svg
346	dist/icons/lock-open.svg
347	dist/icons/lock-open.svg
348	dist/icons/map.svg
349	dist/icons/map.svg
350	dist/icons/menu.svg
351	dist/icons/menu.svg
352	dist/icons/mic.svg
353	dist/icons/mic.svg
354	dist/icons/minus-outline.svg
355	dist/icons/minus-outline.svg
356	dist/icons/minus-solid.svg
357	dist/icons/minus-solid.svg
358	dist/icons/mobile-devices.svg
359	dist/icons/mobile-devices.svg
360	dist/icons/mood-happy-outline.svg
361	dist/icons/mood-happy-outline.svg
362	dist/icons/mood-happy-solid.svg
363	dist/icons/mood-happy-solid.svg
364	dist/icons/mood-neutral-outline.svg
365	dist/icons/mood-neutral-outline.svg
366	dist/icons/mood-neutral-solid.svg
367	dist/icons/mood-neutral-solid.svg
368	dist/icons/mood-sad-outline.svg
369	dist/icons/mood-sad-outline.svg
370	dist/icons/mood-sad-solid.svg
371	dist/icons/mood-sad-solid.svg
372	dist/icons/mouse.svg
373	dist/icons/mouse.svg
374	dist/icons/music-album.svg
375	dist/icons/music-album.svg
376	dist/icons/music-artist.svg
377	dist/icons/music-artist.svg
378	dist/icons/music-notes.svg
379	dist/icons/music-notes.svg
380	dist/icons/music-playlist.svg
381	dist/icons/music-playlist.svg
382	dist/icons/navigation-more.svg
383	dist/icons/navigation-more.svg
384	dist/icons/network.svg
385	dist/icons/network.svg
386	dist/icons/news-paper.svg
387	dist/icons/news-paper.svg
388	dist/icons/notification.svg
389	dist/icons/notification.svg
390	dist/icons/notifications-outline.svg
391	dist/icons/notifications-outline.svg
392	dist/icons/notifications.svg
393	dist/icons/notifications.svg
394	dist/icons/paste.svg
395	dist/icons/paste.svg
396	dist/icons/pause-outline.svg
397	dist/icons/pause-outline.svg
398	dist/icons/pause-solid.svg
399	dist/icons/pause-solid.svg
400	dist/icons/pause.svg
401	dist/icons/pause.svg
402	dist/icons/pen-tool.svg
403	dist/icons/pen-tool.svg
404	dist/icons/phone.svg
405	dist/icons/phone.svg
406	dist/icons/photo.svg
407	dist/icons/photo.svg
408	dist/icons/php-elephant.svg
409	dist/icons/php-elephant.svg
410	dist/icons/pin.svg
411	dist/icons/pin.svg
412	dist/icons/play-outline.svg
413	dist/icons/play-outline.svg
414	dist/icons/play.svg
415	dist/icons/play.svg
416	dist/icons/playlist.svg
417	dist/icons/playlist.svg
418	dist/icons/plugin.svg
419	dist/icons/plugin.svg
420	dist/icons/portfolio.svg
421	dist/icons/portfolio.svg
422	dist/icons/printer.svg
423	dist/icons/printer.svg
424	dist/icons/pylon.svg
425	dist/icons/pylon.svg
426	dist/icons/question.svg
427	dist/icons/question.svg
428	dist/icons/queue.svg
429	dist/icons/queue.svg
430	dist/icons/radar copy 2.svg
431	dist/icons/radar copy 2.svg
432	dist/icons/radar.svg
433	dist/icons/radar.svg
434	dist/icons/radio.svg
435	dist/icons/radio.svg
436	dist/icons/refresh.svg
437	dist/icons/refresh.svg
438	dist/icons/reload.svg
439	dist/icons/reload.svg
440	dist/icons/reply-all.svg
441	dist/icons/reply-all.svg
442	dist/icons/reply.svg
443	dist/icons/reply.svg
444	dist/icons/repost.svg
445	dist/icons/repost.svg
446	dist/icons/save-disk.svg
447	dist/icons/save-disk.svg
448	dist/icons/screen-full.svg
449	dist/icons/screen-full.svg
450	dist/icons/search.svg
451	dist/icons/search.svg
452	dist/icons/send.svg
453	dist/icons/send.svg
454	dist/icons/servers.svg
455	dist/icons/servers.svg
456	dist/icons/share-01.svg
457	dist/icons/share-01.svg
458	dist/icons/share-alt.svg
459	dist/icons/share-alt.svg
460	dist/icons/share.svg
461	dist/icons/share.svg
462	dist/icons/shield.svg
463	dist/icons/shield.svg
464	dist/icons/shopping-cart.svg
465	dist/icons/shopping-cart.svg
466	dist/icons/show-sidebar.svg
467	dist/icons/show-sidebar.svg
468	dist/icons/shuffle.svg
469	dist/icons/shuffle.svg
470	dist/icons/stand-by.svg
471	dist/icons/stand-by.svg
472	dist/icons/star-full.svg
473	dist/icons/star-full.svg
474	dist/icons/station.svg
475	dist/icons/station.svg
476	dist/icons/step-backward.svg
477	dist/icons/step-backward.svg
478	dist/icons/step-forward.svg
479	dist/icons/step-forward.svg
480	dist/icons/stethoscope.svg
481	dist/icons/stethoscope.svg
482	dist/icons/store-front.svg
483	dist/icons/store-front.svg
484	dist/icons/stroke-width.svg
485	dist/icons/stroke-width.svg
486	dist/icons/subdirectory-left.svg
487	dist/icons/subdirectory-left.svg
488	dist/icons/subdirectory-right.svg
489	dist/icons/subdirectory-right.svg
490	dist/icons/swap.svg
491	dist/icons/swap.svg
492	dist/icons/tablet.svg
493	dist/icons/tablet.svg
494	dist/icons/tag.svg
495	dist/icons/tag.svg
496	dist/icons/target.svg
497	dist/icons/target.svg
498	dist/icons/text-box.svg
499	dist/icons/text-box.svg
500	dist/icons/text-decoration.svg
501	dist/icons/text-decoration.svg
502	dist/icons/thermometer.svg
503	dist/icons/thermometer.svg
504	dist/icons/thumbs-down.svg
505	dist/icons/thumbs-down.svg
506	dist/icons/thumbs-up.svg
507	dist/icons/thumbs-up.svg
508	dist/icons/ticket.svg
509	dist/icons/ticket.svg
510	dist/icons/time.svg
511	dist/icons/time.svg
512	dist/icons/timer.svg
513	dist/icons/timer.svg
514	dist/icons/tools copy.svg
515	dist/icons/tools copy.svg
516	dist/icons/translate.svg
517	dist/icons/translate.svg
518	dist/icons/trash.svg
519	dist/icons/trash.svg
520	dist/icons/travel-bus.svg
521	dist/icons/travel-bus.svg
522	dist/icons/travel-car.svg
523	dist/icons/travel-car.svg
524	dist/icons/travel-case.svg
525	dist/icons/travel-case.svg
526	dist/icons/travel-taxi-cab.svg
527	dist/icons/travel-taxi-cab.svg
528	dist/icons/travel-train.svg
529	dist/icons/travel-train.svg
530	dist/icons/travel-walk.svg
531	dist/icons/travel-walk.svg
532	dist/icons/travel.svg
533	dist/icons/travel.svg
534	dist/icons/trophy.svg
535	dist/icons/trophy.svg
536	dist/icons/tuning.svg
537	dist/icons/tuning.svg
538	dist/icons/upload.svg
539	dist/icons/upload.svg
540	dist/icons/usb.svg
541	dist/icons/usb.svg
542	dist/icons/user-add.svg
543	dist/icons/user-add.svg
544	dist/icons/user-group.svg
545	dist/icons/user-group.svg
546	dist/icons/user-solid-circle.svg
547	dist/icons/user-solid-circle.svg
548	dist/icons/user-solid-square.svg
549	dist/icons/user-solid-square.svg
550	dist/icons/user.svg
551	dist/icons/user.svg
552	dist/icons/vector.svg
553	dist/icons/vector.svg
554	dist/icons/video-camera.svg
555	dist/icons/video-camera.svg
556	dist/icons/view-carousel.svg
557	dist/icons/view-carousel.svg
558	dist/icons/view-column.svg
559	dist/icons/view-column.svg
560	dist/icons/view-hide.svg
561	dist/icons/view-hide.svg
562	dist/icons/view-list.svg
563	dist/icons/view-list.svg
564	dist/icons/view-show.svg
565	dist/icons/view-show.svg
566	dist/icons/view-tile.svg
567	dist/icons/view-tile.svg
568	dist/icons/volume-down.svg
569	dist/icons/volume-down.svg
570	dist/icons/volume-mute.svg
571	dist/icons/volume-mute.svg
572	dist/icons/volume-off.svg
573	dist/icons/volume-off.svg
574	dist/icons/volume-up.svg
575	dist/icons/volume-up.svg
576	dist/icons/wallet.svg
577	dist/icons/wallet.svg
578	dist/icons/watch.svg
579	dist/icons/watch.svg
580	dist/icons/window-new.svg
581	dist/icons/window-new.svg
582	dist/icons/window-open.svg
583	dist/icons/window-open.svg
584	dist/icons/window.svg
585	dist/icons/window.svg
586	dist/icons/wrench.svg
587	dist/icons/wrench.svg
588	dist/icons/yin-yang.svg
589	dist/icons/yin-yang.svg
590	dist/icons/zoom-in.svg
591	dist/icons/zoom-in.svg
592	dist/icons/zoom-out.svg
593	dist/icons/zoom-out.svg
594	dist/sprite.svg
595	dist/sprite.svg
596	src/add-outline.svg
597	src/add-outline.svg
598	src/add-solid.svg
599	src/add-solid.svg
600	src/adjust.svg
601	src/adjust.svg
602	src/airplane.svg
603	src/airplane.svg
604	src/album.svg
605	src/album.svg
606	src/align-center.svg
607	src/align-center.svg
608	src/align-justified.svg
609	src/align-justified.svg
610	src/align-left.svg
611	src/align-left.svg
612	src/align-right.svg
613	src/align-right.svg
614	src/anchor.svg
615	src/anchor.svg
616	src/announcement.svg
617	src/announcement.svg
618	src/apparel.svg
619	src/apparel.svg
620	src/arrow-down.svg
621	src/arrow-down.svg
622	src/arrow-left.svg
623	src/arrow-left.svg
624	src/arrow-outline-down.svg
625	src/arrow-outline-down.svg
626	src/arrow-outline-left.svg
627	src/arrow-outline-left.svg
628	src/arrow-outline-right.svg
629	src/arrow-outline-right.svg
630	src/arrow-outline-up.svg
631	src/arrow-outline-up.svg
632	src/arrow-right.svg
633	src/arrow-right.svg
634	src/arrow-thick-down.svg
635	src/arrow-thick-down.svg
636	src/arrow-thick-left.svg
637	src/arrow-thick-left.svg
638	src/arrow-thick-right.svg
639	src/arrow-thick-right.svg
640	src/arrow-thick-up.svg
641	src/arrow-thick-up.svg
642	src/arrow-thin-down.svg
643	src/arrow-thin-down.svg
644	src/arrow-thin-left.svg
645	src/arrow-thin-left.svg
646	src/arrow-thin-right.svg
647	src/arrow-thin-right.svg
648	src/arrow-thin-up.svg
649	src/arrow-thin-up.svg
650	src/arrow-up.svg
651	src/arrow-up.svg
652	src/artist.svg
653	src/artist.svg
654	src/at-symbol.svg
655	src/at-symbol.svg
656	src/attachment.svg
657	src/attachment.svg
658	src/backspace.svg
659	src/backspace.svg
660	src/backward-step.svg
661	src/backward-step.svg
662	src/backward.svg
663	src/backward.svg
664	src/badge.svg
665	src/badge.svg
666	src/battery-full.svg
667	src/battery-full.svg
668	src/battery-half.svg
669	src/battery-half.svg
670	src/battery-low.svg
671	src/battery-low.svg
672	src/beverage.svg
673	src/beverage.svg
674	src/block.svg
675	src/block.svg
676	src/bluetooth.svg
677	src/bluetooth.svg
678	src/bolt.svg
679	src/bolt.svg
680	src/book-reference.svg
681	src/book-reference.svg
682	src/bookmark copy 2.svg
683	src/bookmark copy 2.svg
684	src/bookmark copy 3.svg
685	src/bookmark copy 3.svg
686	src/bookmark-outline-add.svg
687	src/bookmark-outline-add.svg
688	src/bookmark-outline.svg
689	src/bookmark-outline.svg
690	src/bookmark.svg
691	src/bookmark.svg
692	src/border-all.svg
693	src/border-all.svg
694	src/border-bottom.svg
695	src/border-bottom.svg
696	src/border-horizontal.svg
697	src/border-horizontal.svg
698	src/border-inner.svg
699	src/border-inner.svg
700	src/border-left.svg
701	src/border-left.svg
702	src/border-none.svg
703	src/border-none.svg
704	src/border-outer.svg
705	src/border-outer.svg
706	src/border-right.svg
707	src/border-right.svg
708	src/border-top.svg
709	src/border-top.svg
710	src/border-vertical.svg
711	src/border-vertical.svg
712	src/box.svg
713	src/box.svg
714	src/brightness-down.svg
715	src/brightness-down.svg
716	src/brightness-up.svg
717	src/brightness-up.svg
718	src/browser-window-new.svg
719	src/browser-window-new.svg
720	src/browser-window-open.svg
721	src/browser-window-open.svg
722	src/browser-window.svg
723	src/browser-window.svg
724	src/bug.svg
725	src/bug.svg
726	src/buoy.svg
727	src/buoy.svg
728	src/calculator.svg
729	src/calculator.svg
730	src/calendar.svg
731	src/calendar.svg
732	src/camera.svg
733	src/camera.svg
734	src/chart-bar.svg
735	src/chart-bar.svg
736	src/chart-pie.svg
737	src/chart-pie.svg
738	src/chart.svg
739	src/chart.svg
740	src/chat-bubble-dots.svg
741	src/chat-bubble-dots.svg
742	src/checkmark-outline.svg
743	src/checkmark-outline.svg
744	src/checkmark.svg
745	src/checkmark.svg
746	src/cheveron-down.svg
747	src/cheveron-down.svg
748	src/cheveron-left.svg
749	src/cheveron-left.svg
750	src/cheveron-outline-down.svg
751	src/cheveron-outline-down.svg
752	src/cheveron-outline-left.svg
753	src/cheveron-outline-left.svg
754	src/cheveron-outline-right.svg
755	src/cheveron-outline-right.svg
756	src/cheveron-outline-up.svg
757	src/cheveron-outline-up.svg
758	src/cheveron-right.svg
759	src/cheveron-right.svg
760	src/cheveron-up.svg
761	src/cheveron-up.svg
762	src/clipboard.svg
763	src/clipboard.svg
764	src/close-outline.svg
765	src/close-outline.svg
766	src/close-solid.svg
767	src/close-solid.svg
768	src/close.svg
769	src/close.svg
770	src/cloud-upload.svg
771	src/cloud-upload.svg
772	src/cloud.svg
773	src/cloud.svg
774	src/code.svg
775	src/code.svg
776	src/coffee.svg
777	src/coffee.svg
778	src/cog.svg
779	src/cog.svg
780	src/color-palette.svg
781	src/color-palette.svg
782	src/compose.svg
783	src/compose.svg
784	src/computer-desktop.svg
785	src/computer-desktop.svg
786	src/computer-laptop.svg
787	src/computer-laptop.svg
788	src/conversation.svg
789	src/conversation.svg
790	src/copy.svg
791	src/copy.svg
792	src/credit-card.svg
793	src/credit-card.svg
794	src/currency-dollar.svg
795	src/currency-dollar.svg
796	src/dashboard.svg
797	src/dashboard.svg
798	src/date-add.svg
799	src/date-add.svg
800	src/dial-pad.svg
801	src/dial-pad.svg
802	src/directions.svg
803	src/directions.svg
804	src/document-add.svg
805	src/document-add.svg
806	src/document.svg
807	src/document.svg
808	src/dots-horizontal-double.svg
809	src/dots-horizontal-double.svg
810	src/dots-horizontal-triple.svg
811	src/dots-horizontal-triple.svg
812	src/download.svg
813	src/download.svg
814	src/duplicate.svg
815	src/duplicate.svg
816	src/edit-copy.svg
817	src/edit-copy.svg
818	src/edit-crop.svg
819	src/edit-crop.svg
820	src/edit-cut.svg
821	src/edit-cut.svg
822	src/edit-pencil.svg
823	src/edit-pencil.svg
824	src/education.svg
825	src/education.svg
826	src/envelope.svg
827	src/envelope.svg
828	src/exclamation-outline.svg
829	src/exclamation-outline.svg
830	src/exclamation-solid.svg
831	src/exclamation-solid.svg
832	src/explore.svg
833	src/explore.svg
834	src/factory.svg
835	src/factory.svg
836	src/fast-forward.svg
837	src/fast-forward.svg
838	src/fast-rewind.svg
839	src/fast-rewind.svg
840	src/film.svg
841	src/film.svg
842	src/filter.svg
843	src/filter.svg
844	src/flag.svg
845	src/flag.svg
846	src/flashlight.svg
847	src/flashlight.svg
848	src/folder-outline-add.svg
849	src/folder-outline-add.svg
850	src/folder-outline.svg
851	src/folder-outline.svg
852	src/folder.svg
853	src/folder.svg
854	src/format-bold.svg
855	src/format-bold.svg
856	src/format-font-size.svg
857	src/format-font-size.svg
858	src/format-italic.svg
859	src/format-italic.svg
860	src/format-text-size.svg
861	src/format-text-size.svg
862	src/format-underline.svg
863	src/format-underline.svg
864	src/forward-step.svg
865	src/forward-step.svg
866	src/forward.svg
867	src/forward.svg
868	src/gift.svg
869	src/gift.svg
870	src/globe.svg
871	src/globe.svg
872	src/hand-stop.svg
873	src/hand-stop.svg
874	src/hard-drive.svg
875	src/hard-drive.svg
876	src/headphones.svg
877	src/headphones.svg
878	src/heart.svg
879	src/heart.svg
880	src/home.svg
881	src/home.svg
882	src/hot.svg
883	src/hot.svg
884	src/hour-glass.svg
885	src/hour-glass.svg
886	src/inbox-check.svg
887	src/inbox-check.svg
888	src/inbox-download.svg
889	src/inbox-download.svg
890	src/inbox-full.svg
891	src/inbox-full.svg
892	src/inbox.svg
893	src/inbox.svg
894	src/indent-decrease.svg
895	src/indent-decrease.svg
896	src/indent-increase.svg
897	src/indent-increase.svg
898	src/information-outline.svg
899	src/information-outline.svg
900	src/information-solid.svg
901	src/information-solid.svg
902	src/key.svg
903	src/key.svg
904	src/keyboard.svg
905	src/keyboard.svg
906	src/layers.svg
907	src/layers.svg
908	src/library.svg
909	src/library.svg
910	src/light-bulb.svg
911	src/light-bulb.svg
912	src/link.svg
913	src/link.svg
914	src/list-add.svg
915	src/list-add.svg
916	src/list-bullet.svg
917	src/list-bullet.svg
918	src/list.svg
919	src/list.svg
920	src/load-balancer.svg
921	src/load-balancer.svg
922	src/location-current.svg
923	src/location-current.svg
924	src/location-food.svg
925	src/location-food.svg
926	src/location-gas-station.svg
927	src/location-gas-station.svg
928	src/location-hotel.svg
929	src/location-hotel.svg
930	src/location-marina.svg
931	src/location-marina.svg
932	src/location-park.svg
933	src/location-park.svg
934	src/location-restroom.svg
935	src/location-restroom.svg
936	src/location-shopping.svg
937	src/location-shopping.svg
938	src/location.svg
939	src/location.svg
940	src/lock-closed.svg
941	src/lock-closed.svg
942	src/lock-open.svg
943	src/lock-open.svg
944	src/map.svg
945	src/map.svg
946	src/menu.svg
947	src/menu.svg
948	src/mic.svg
949	src/mic.svg
950	src/minus-outline.svg
951	src/minus-outline.svg
952	src/minus-solid.svg
953	src/minus-solid.svg
954	src/mobile-devices.svg
955	src/mobile-devices.svg
956	src/mood-happy-outline.svg
957	src/mood-happy-outline.svg
958	src/mood-happy-solid.svg
959	src/mood-happy-solid.svg
960	src/mood-neutral-outline.svg
961	src/mood-neutral-outline.svg
962	src/mood-neutral-solid.svg
963	src/mood-neutral-solid.svg
964	src/mood-sad-outline.svg
965	src/mood-sad-outline.svg
966	src/mood-sad-solid.svg
967	src/mood-sad-solid.svg
968	src/mouse.svg
969	src/mouse.svg
970	src/music-album.svg
971	src/music-album.svg
972	src/music-artist.svg
973	src/music-artist.svg
974	src/music-notes.svg
975	src/music-notes.svg
976	src/music-playlist.svg
977	src/music-playlist.svg
978	src/navigation-more.svg
979	src/navigation-more.svg
980	src/network.svg
981	src/network.svg
982	src/news-paper.svg
983	src/news-paper.svg
984	src/notification.svg
985	src/notification.svg
986	src/notifications-outline.svg
987	src/notifications-outline.svg
988	src/notifications.svg
989	src/notifications.svg
990	src/paste.svg
991	src/paste.svg
992	src/pause-outline.svg
993	src/pause-outline.svg
994	src/pause-solid.svg
995	src/pause-solid.svg
996	src/pause.svg
997	src/pause.svg
998	src/pen-tool.svg
999	src/pen-tool.svg
1000	src/phone.svg
1001	src/phone.svg
1002	src/photo.svg
1003	src/photo.svg
1004	src/php-elephant.svg
1005	src/php-elephant.svg
1006	src/pin.svg
1007	src/pin.svg
1008	src/play-outline.svg
1009	src/play-outline.svg
1010	src/play.svg
1011	src/play.svg
1012	src/playlist.svg
1013	src/playlist.svg
1014	src/plugin.svg
1015	src/plugin.svg
1016	src/portfolio.svg
1017	src/portfolio.svg
1018	src/printer.svg
1019	src/printer.svg
1020	src/pylon.svg
1021	src/pylon.svg
1022	src/question.svg
1023	src/question.svg
1024	src/queue.svg
1025	src/queue.svg
1026	src/radar copy 2.svg
1027	src/radar copy 2.svg
1028	src/radar.svg
1029	src/radar.svg
1030	src/radio.svg
1031	src/radio.svg
1032	src/refresh.svg
1033	src/refresh.svg
1034	src/reload.svg
1035	src/reload.svg
1036	src/reply-all.svg
1037	src/reply-all.svg
1038	src/reply.svg
1039	src/reply.svg
1040	src/repost.svg
1041	src/repost.svg
1042	src/save-disk.svg
1043	src/save-disk.svg
1044	src/screen-full.svg
1045	src/screen-full.svg
1046	src/search.svg
1047	src/search.svg
1048	src/send.svg
1049	src/send.svg
1050	src/servers.svg
1051	src/servers.svg
1052	src/share-01.svg
1053	src/share-01.svg
1054	src/share-alt.svg
1055	src/share-alt.svg
1056	src/share.svg
1057	src/share.svg
1058	src/shield.svg
1059	src/shield.svg
1060	src/shopping-cart.svg
1061	src/shopping-cart.svg
1062	src/show-sidebar.svg
1063	src/show-sidebar.svg
1064	src/shuffle.svg
1065	src/shuffle.svg
1066	src/stand-by.svg
1067	src/stand-by.svg
1068	src/star-full.svg
1069	src/star-full.svg
1070	src/station.svg
1071	src/station.svg
1072	src/step-backward.svg
1073	src/step-backward.svg
1074	src/step-forward.svg
1075	src/step-forward.svg
1076	src/stethoscope.svg
1077	src/stethoscope.svg
1078	src/store-front.svg
1079	src/store-front.svg
1080	src/stroke-width.svg
1081	src/stroke-width.svg
1082	src/subdirectory-left.svg
1083	src/subdirectory-left.svg
1084	src/subdirectory-right.svg
1085	src/subdirectory-right.svg
1086	src/swap.svg
1087	src/swap.svg
1088	src/tablet.svg
1089	src/tablet.svg
1090	src/tag.svg
1091	src/tag.svg
1092	src/target.svg
1093	src/target.svg
1094	src/text-box.svg
1095	src/text-box.svg
1096	src/text-decoration.svg
1097	src/text-decoration.svg
1098	src/thermometer.svg
1099	src/thermometer.svg
1100	src/thumbs-down.svg
1101	src/thumbs-down.svg
1102	src/thumbs-up.svg
1103	src/thumbs-up.svg
1104	src/ticket.svg
1105	src/ticket.svg
1106	src/time.svg
1107	src/time.svg
1108	src/timer.svg
1109	src/timer.svg
1110	src/tools copy.svg
1111	src/tools copy.svg
1112	src/translate.svg
1113	src/translate.svg
1114	src/trash.svg
1115	src/trash.svg
1116	src/travel-bus.svg
1117	src/travel-bus.svg
1118	src/travel-car.svg
1119	src/travel-car.svg
1120	src/travel-case.svg
1121	src/travel-case.svg
1122	src/travel-taxi-cab.svg
1123	src/travel-taxi-cab.svg
1124	src/travel-train.svg
1125	src/travel-train.svg
1126	src/travel-walk.svg
1127	src/travel-walk.svg
1128	src/travel.svg
1129	src/travel.svg
1130	src/trophy.svg
1131	src/trophy.svg
1132	src/tuning.svg
1133	src/tuning.svg
1134	src/upload.svg
1135	src/upload.svg
1136	src/usb.svg
1137	src/usb.svg
1138	src/user-add.svg
1139	src/user-add.svg
1140	src/user-group.svg
1141	src/user-group.svg
1142	src/user-solid-circle.svg
1143	src/user-solid-circle.svg
1144	src/user-solid-square.svg
1145	src/user-solid-square.svg
1146	src/user.svg
1147	src/user.svg
1148	src/vector.svg
1149	src/vector.svg
1150	src/video-camera.svg
1151	src/video-camera.svg
1152	src/view-carousel.svg
1153	src/view-carousel.svg
1154	src/view-column.svg
1155	src/view-column.svg
1156	src/view-hide.svg
1157	src/view-hide.svg
1158	src/view-list.svg
1159	src/view-list.svg
1160	src/view-show.svg
1161	src/view-show.svg
1162	src/view-tile.svg
1163	src/view-tile.svg
1164	src/volume-down.svg
1165	src/volume-down.svg
1166	src/volume-mute.svg
1167	src/volume-mute.svg
1168	src/volume-off.svg
1169	src/volume-off.svg
1170	src/volume-up.svg
1171	src/volume-up.svg
1172	src/wallet.svg
1173	src/wallet.svg
1174	src/watch.svg
1175	src/watch.svg
1176	src/window-new.svg
1177	src/window-new.svg
1178	src/window-open.svg
1179	src/window-open.svg
1180	src/window.svg
1181	src/window.svg
1182	src/wrench.svg
1183	src/wrench.svg
1184	src/yin-yang.svg
1185	src/yin-yang.svg
1186	src/zoom-in.svg
1187	src/zoom-in.svg
1188	src/zoom-out.svg
1189	src/zoom-out.svg
